[debug] [2026-02-03T04:30:40.433Z] ----------------------------------------------------------------------
[debug] [2026-02-03T04:30:40.436Z] Command:       /nix/store/ws50yvm6vzlzf7jzz6n7xh4szddrack1-nodejs-20.19.1/bin/node /nix/store/c776mhyhgykcld7p90ajrka149ifn61a-firebase-tools-14.26.0/lib/node_modules/firebase-tools/lib/bin/firebase.js deploy --only hosting
[debug] [2026-02-03T04:30:40.437Z] CLI Version:   14.26.0
[debug] [2026-02-03T04:30:40.437Z] Platform:      linux
[debug] [2026-02-03T04:30:40.437Z] Node Version:  v20.19.1
[debug] [2026-02-03T04:30:40.438Z] Time:          Tue Feb 03 2026 04:30:40 GMT+0000 (Coordinated Universal Time)
[debug] [2026-02-03T04:30:40.438Z] ----------------------------------------------------------------------
[debug] 
[debug] [2026-02-03T04:30:41.020Z] No OAuth tokens found
[debug] [2026-02-03T04:30:41.021Z] No OAuth tokens found
[error] Failed to fetch Firebase Project from current Studio Workspace: Unable to refresh auth: not yet authenticated.
[debug] [2026-02-03T04:30:41.028Z] > command requires scopes: ["email","openid","https://www.googleapis.com/auth/cloudplatformprojects.readonly","https://www.googleapis.com/auth/firebase","https://www.googleapis.com/auth/cloud-platform","https://www.googleapis.com/auth/userinfo.email"]
[debug] [2026-02-03T04:30:41.028Z] > authorizing via signed-in user (escalarminhasvendas@gmail.com)
[debug] [2026-02-03T04:30:41.028Z] [iam] checking project luciana-telles-ferri for permissions ["firebase.projects.get","firebasehosting.sites.update"]
[debug] [2026-02-03T04:30:41.029Z] No OAuth tokens found
[debug] [2026-02-03T04:30:41.029Z] No OAuth tokens found
[debug] [2026-02-03T04:30:41.029Z] > command requires scopes: ["email","openid","https://www.googleapis.com/auth/cloudplatformprojects.readonly","https://www.googleapis.com/auth/firebase","https://www.googleapis.com/auth/cloud-platform","https://www.googleapis.com/auth/userinfo.email"]
[debug] [2026-02-03T04:30:41.030Z] > authorizing via signed-in user (escalarminhasvendas@gmail.com)
[debug] [2026-02-03T04:30:41.031Z] >>> [apiv2][query] POST https://cloudresourcemanager.googleapis.com/v1/projects/luciana-telles-ferri:testIamPermissions [none]
[debug] [2026-02-03T04:30:41.032Z] >>> [apiv2][(partial)header] POST https://cloudresourcemanager.googleapis.com/v1/projects/luciana-telles-ferri:testIamPermissions x-goog-quota-user=projects/luciana-telles-ferri
[debug] [2026-02-03T04:30:41.032Z] >>> [apiv2][body] POST https://cloudresourcemanager.googleapis.com/v1/projects/luciana-telles-ferri:testIamPermissions {"permissions":["firebase.projects.get","firebasehosting.sites.update"]}
[debug] [2026-02-03T04:30:41.317Z] <<< [apiv2][status] POST https://cloudresourcemanager.googleapis.com/v1/projects/luciana-telles-ferri:testIamPermissions 200
[debug] [2026-02-03T04:30:41.318Z] <<< [apiv2][body] POST https://cloudresourcemanager.googleapis.com/v1/projects/luciana-telles-ferri:testIamPermissions {}
[debug] [2026-02-03T04:30:41.319Z] [iam] error while checking permissions, command may fail: Authorization failed. This account is missing the following required permissions on project luciana-telles-ferri:

  firebase.projects.get
  firebasehosting.sites.update
[debug] [2026-02-03T04:30:41.320Z] No OAuth tokens found
[debug] [2026-02-03T04:30:41.321Z] No OAuth tokens found
[debug] [2026-02-03T04:30:41.321Z] > command requires scopes: ["email","openid","https://www.googleapis.com/auth/cloudplatformprojects.readonly","https://www.googleapis.com/auth/firebase","https://www.googleapis.com/auth/cloud-platform","https://www.googleapis.com/auth/userinfo.email"]
[debug] [2026-02-03T04:30:41.321Z] > authorizing via signed-in user (escalarminhasvendas@gmail.com)
[debug] [2026-02-03T04:30:41.324Z] >>> [apiv2][query] GET https://firebase.googleapis.com/v1beta1/projects/luciana-telles-ferri [none]
[debug] [2026-02-03T04:30:41.731Z] <<< [apiv2][status] GET https://firebase.googleapis.com/v1beta1/projects/luciana-telles-ferri 403
[debug] [2026-02-03T04:30:41.731Z] <<< [apiv2][body] GET https://firebase.googleapis.com/v1beta1/projects/luciana-telles-ferri {"error":{"code":403,"message":"The caller does not have permission","status":"PERMISSION_DENIED"}}
[debug] [2026-02-03T04:30:41.734Z] Request to https://firebase.googleapis.com/v1beta1/projects/luciana-telles-ferri had HTTP Error: 403, The caller does not have permission
[debug] [2026-02-03T04:30:41.736Z] FirebaseError: Request to https://firebase.googleapis.com/v1beta1/projects/luciana-telles-ferri had HTTP Error: 403, The caller does not have permission
    at responseToError (/nix/store/c776mhyhgykcld7p90ajrka149ifn61a-firebase-tools-14.26.0/lib/node_modules/firebase-tools/lib/responseToError.js:53:12)
    at RetryOperation._fn (/nix/store/c776mhyhgykcld7p90ajrka149ifn61a-firebase-tools-14.26.0/lib/node_modules/firebase-tools/lib/apiv2.js:322:77)
    at process.processTicksAndRejections (node:internal/process/task_queues:95:5)
[error] 
[error] Error: Failed to get Firebase project luciana-telles-ferri. Please make sure the project exists and your account has permission to access it.
